d:\projects\visual studio projects\new-chess-in-cpp\new chess in cpp\x64\debug\vc145.pdb
d:\projects\visual studio projects\new-chess-in-cpp\new chess in cpp\x64\debug\vc145.idb
d:\projects\visual studio projects\new-chess-in-cpp\new chess in cpp\x64\debug\zobrist.obj
d:\projects\visual studio projects\new-chess-in-cpp\new chess in cpp\x64\debug\uciparsing.obj
d:\projects\visual studio projects\new-chess-in-cpp\new chess in cpp\x64\debug\transpositiontable.obj
d:\projects\visual studio projects\new-chess-in-cpp\new chess in cpp\x64\debug\searcher.obj
d:\projects\visual studio projects\new-chess-in-cpp\new chess in cpp\x64\debug\repetitiontable.obj
d:\projects\visual studio projects\new-chess-in-cpp\new chess in cpp\x64\debug\precomputedevaluationdata.obj
d:\projects\visual studio projects\new-chess-in-cpp\new chess in cpp\x64\debug\new chess in cpp.obj
d:\projects\visual studio projects\new-chess-in-cpp\new chess in cpp\x64\debug\moveordering.obj
d:\projects\visual studio projects\new-chess-in-cpp\new chess in cpp\x64\debug\movegenerator.obj
d:\projects\visual studio projects\new-chess-in-cpp\new chess in cpp\x64\debug\evaluation.obj
d:\projects\visual studio projects\new-chess-in-cpp\new chess in cpp\x64\debug\boardmanager.obj
d:\projects\visual studio projects\new-chess-in-cpp\new chess in cpp\x64\debug\board.obj
d:\projects\visual studio projects\new-chess-in-cpp\new chess in cpp\x64\debug\attacks.obj
d:\projects\visual studio projects\new-chess-in-cpp\new chess in cpp\x64\debug\lmr.obj
d:\projects\visual studio projects\new-chess-in-cpp\x64\debug\new chess in cpp.exe
d:\projects\visual studio projects\new-chess-in-cpp\x64\debug\new chess in cpp.pdb
d:\projects\visual studio projects\new-chess-in-cpp\new chess in cpp\x64\debug\new chess in cpp.ilk
d:\projects\visual studio projects\new-chess-in-cpp\new chess in cpp\x64\debug\new chess in cpp.tlog\cl.command.1.tlog
d:\projects\visual studio projects\new-chess-in-cpp\new chess in cpp\x64\debug\new chess in cpp.tlog\cl.items.tlog
d:\projects\visual studio projects\new-chess-in-cpp\new chess in cpp\x64\debug\new chess in cpp.tlog\cl.read.1.tlog
d:\projects\visual studio projects\new-chess-in-cpp\new chess in cpp\x64\debug\new chess in cpp.tlog\cl.write.1.tlog
d:\projects\visual studio projects\new-chess-in-cpp\new chess in cpp\x64\debug\new chess in cpp.tlog\link.command.1.tlog
d:\projects\visual studio projects\new-chess-in-cpp\new chess in cpp\x64\debug\new chess in cpp.tlog\link.read.1.tlog
d:\projects\visual studio projects\new-chess-in-cpp\new chess in cpp\x64\debug\new chess in cpp.tlog\link.secondary.1.tlog
d:\projects\visual studio projects\new-chess-in-cpp\new chess in cpp\x64\debug\new chess in cpp.tlog\link.write.1.tlog
