d:\projects\visual studio projects\new-chess-in-cpp\new chess in cpp\x64\release\vc145.pdb
d:\projects\visual studio projects\new-chess-in-cpp\new chess in cpp\x64\release\new chess in cpp.obj
d:\projects\visual studio projects\new-chess-in-cpp\new chess in cpp\x64\release\movegenerator.obj
d:\projects\visual studio projects\new-chess-in-cpp\new chess in cpp\x64\release\board.obj
d:\projects\visual studio projects\new-chess-in-cpp\new chess in cpp\x64\release\attacks.obj
d:\projects\visual studio projects\new-chess-in-cpp\new chess in cpp\x64\release\searcher.obj
d:\projects\visual studio projects\new-chess-in-cpp\new chess in cpp\x64\release\boardmanager.obj
d:\projects\visual studio projects\new-chess-in-cpp\new chess in cpp\x64\release\evaluation.obj
d:\projects\visual studio projects\new-chess-in-cpp\new chess in cpp\x64\release\uciparsing.obj
d:\projects\visual studio projects\new-chess-in-cpp\new chess in cpp\x64\release\moveordering.obj
d:\projects\visual studio projects\new-chess-in-cpp\new chess in cpp\x64\release\transpositiontable.obj
d:\projects\visual studio projects\new-chess-in-cpp\new chess in cpp\x64\release\zobrist.obj
d:\projects\visual studio projects\new-chess-in-cpp\new chess in cpp\x64\release\repetitiontable.obj
d:\projects\visual studio projects\new-chess-in-cpp\x64\release\new chess in cpp.exe
d:\projects\visual studio projects\new-chess-in-cpp\x64\release\new chess in cpp.pdb
d:\projects\visual studio projects\new-chess-in-cpp\new chess in cpp\x64\release\new chess in cpp.ipdb
d:\projects\visual studio projects\new-chess-in-cpp\new chess in cpp\x64\release\new chess in cpp.iobj
d:\projects\visual studio projects\new-chess-in-cpp\new chess in cpp\x64\release\new chess in cpp.tlog\cl.command.1.tlog
d:\projects\visual studio projects\new-chess-in-cpp\new chess in cpp\x64\release\new chess in cpp.tlog\cl.items.tlog
d:\projects\visual studio projects\new-chess-in-cpp\new chess in cpp\x64\release\new chess in cpp.tlog\cl.read.1.tlog
d:\projects\visual studio projects\new-chess-in-cpp\new chess in cpp\x64\release\new chess in cpp.tlog\cl.write.1.tlog
d:\projects\visual studio projects\new-chess-in-cpp\new chess in cpp\x64\release\new chess in cpp.tlog\link.command.1.tlog
d:\projects\visual studio projects\new-chess-in-cpp\new chess in cpp\x64\release\new chess in cpp.tlog\link.read.1.tlog
d:\projects\visual studio projects\new-chess-in-cpp\new chess in cpp\x64\release\new chess in cpp.tlog\link.secondary.1.tlog
d:\projects\visual studio projects\new-chess-in-cpp\new chess in cpp\x64\release\new chess in cpp.tlog\link.write.1.tlog
